========================================================================================
CRESTBOUND feel check — measured vs the game's own tuning
water: live course volume   slab: [-70, 70, 397, 400, 530, 670]
----------------------------------------------------------------------------------------
measurement          measured  expected                 verdict note
----------------------------------------------------------------------------------------
walk_speed          3.200 m/s  want 3.200 +/- 0.300     OK     stick 0.40
run_speed           9.000 m/s  want 9.000 +/- 0.200     OK     KeyW held
runup_time            0.205 s  want <= 0.250            OK     rest -> 95 % run
stop_time             0.137 s  want <= 0.160            OK     from 9.00 m/s
apex1                 1.910 m  want 1.911 +/- 0.080     OK     jump1
apex2                 2.600 m  want 2.601 +/- 0.080     OK     jump2
apex3                 3.579 m  want 3.579 +/- 0.080     OK     jump3
chain_break_apex      1.911 m  want 1.911 +/- 0.150     OK     states jump1 -> jump1
jump_cut_ratio        0.518 x  want <= 0.600            OK     tap apex 0.99 m vs full 1.91 m
longjump_dist         7.558 m  want >= 6.400            OK     states longjump,land, apex 1.06 m
backflip_apex         3.220 m  want 3.221 +/- 0.100     OK     states backflip,fall,land
sideflip_apex         2.998 m  want 3.007 +/- 0.100     OK     states sideflip,fall,land
wallkick_vy        12.000 m/s  want 12.000 +/- 1.000    OK     wallkick, vy 1.73 at contact, sampled on the
wallkick_away       8.137 m/s  want 7.500 +/- 1.500     OK     
dive_dist            17.400 m  want >= 6.000            OK     states dive,slide,slideRecover
dive_states_ok          1.000  want YES                 OK     dive AND slide states
pound_hang            0.190 s  want 0.200 +/- 0.030     OK     
pound_fall         40.000 m/s  want >= 35.000           OK     pound.fall 40
poundjump_apex        2.875 m  want 2.882 +/- 0.100     OK     states jump1,fall,land
coyote_early            1.000  want YES                 OK     pressed 54 ms after the ledge, evaluated ~75
coyote_late             0.000  want NO                  OK     pressed 137 ms after the ledge, evaluated ~1
buffer                  1.000  want YES                 OK     80 ms before landing
land_keep_ratio       1.001 x  want >= 0.900            OK     8.99 -> 9.00 m/s
swim_speed          4.500 m/s  want 4.500 +/- 0.300     OK     live course volume 8.4 m, state swim
----------------------------------------------------------------------------------------
jump chain states: ['jump1', 'jump2', 'jump3']
VERDICT: FEEL OK (0 failing)
RESULT: OK
FEEL EXIT=0
