{
 "shaft_floor": [
  {
   "probe": [
    -9.2,
    -32.8
   ],
   "y": 9.0004,
   "state": "idle",
   "grounded": 1,
   "x_end": -9.2,
   "z_end": -32.8
  },
  {
   "probe": [
    -9.2,
    -31.8
   ],
   "y": 9,
   "state": "idle",
   "grounded": 1,
   "x_end": -9.2,
   "z_end": -31.8
  },
  {
   "probe": [
    -9.2,
    -33.8
   ],
   "y": 9.0243,
   "state": "idle",
   "grounded": 1,
   "x_end": -9.7167,
   "z_end": -33.8
  },
  {
   "probe": [
    -8.2,
    -32.8
   ],
   "y": 9,
   "state": "idle",
   "grounded": 1,
   "x_end": -8.2,
   "z_end": -32.8
  },
  {
   "probe": [
    -10.2,
    -32.8
   ],
   "y": 9.0285,
   "state": "idle",
   "grounded": 1,
   "x_end": -10.2,
   "z_end": -33.41
  }
 ],
 "wallkick": {
  "states": [
   "idle",
   "run",
   "jump1",
   "wallslide",
   "wallkick",
   "wallslide",
   "fall",
   "wallkick",
   "wallslide",
   "land",
   "bonk"
  ],
  "peak_y": 12.28,
  "start_y": 9.0004,
  "end_state": "bonk",
  "kicks": 2
 },
 "bonk": {
  "state_runs": [
   [
    "run",
    1
   ],
   [
    "pivot",
    7
   ],
   [
    "run",
    15
   ],
   [
    "bonk",
    67
   ]
  ],
  "bonk_frames": 84,
  "peak_speed": 9,
  "speed_at_first_bonk": 3.147,
  "anim_at_first_bonk": "bonk",
  "wallN_flag": 1
 }
}
EXIT=0
