==================================================================================

keep  —  46/46 passed
   ok   the loaded course IS the requested one   [keep]
   ok   state is live   [keep]
   ok   course has colliders   [405]
   ok   course has bounds
   ok   the Keep has gates   [13]
   ok   spawn is grounded   [0 ms]
   ok   spawn is not instantly lethal
   ok   cp1 activates on contact   [392 ms]
   ok   cp1 respawn completes (<= 950 ms ceiling)   [433 ms (wall 575)]
   ok   cp1 death counted   [0 -> 1]
   ok   cp1 respawns AT the checkpoint   [player 0.0,6.3,-11.0 vs cp 0.0,6.3,-11.0]
   ok   cp1 (cp-gallery) respawn: alive 1.5 s after arriving (no death counted)   [at 0.00,6.30,-11.00]
   ok   cp1 (cp-gallery) respawn: grounded within 0.6 m of the pad   [grounded 0.05 m from 0.0,6.3,-11.0]
   ok   cp1 (cp-gallery) respawn: follow camera clear of geometry (>= 0.3 m)   [lens 0.35,9.33,-4.36 dist 6.8 follow]
   ok   cp1 (cp-gallery) respawn: follow camera holds >= 3.5 m at rest (not jammed against a wall)   [dist 6.8 m, lens 0.35,9.33,-4.36]
   ok   cp1 (cp-gallery) respawn: no kill volume sweeps the station in 20 s of course time (hand-stepped)   [1200 steps, 124 ms wall, clock 21.6]
   ok   cp2 activates on contact   [225 ms]
   ok   cp2 respawn completes (<= 950 ms ceiling)   [492 ms (wall 704)]
   ok   cp2 death counted   [1 -> 2]
   ok   cp2 respawns AT the checkpoint   [player -14.0,-8.0,-3.4 vs cp -14.0,-8.0,-3.4]
   ok   cp2 (cp-undercroft) respawn: alive 1.5 s after arriving (no death counted)   [at -14.00,-8.00,-3.40]
   ok   cp2 (cp-undercroft) respawn: grounded within 0.6 m of the pad   [grounded 0.05 m from -14.0,-8.0,-3.4]
   ok   cp2 (cp-undercroft) respawn: follow camera clear of geometry (>= 0.3 m)   [lens -7.36,-4.97,-3.75 dist 6.8 follow]
   ok   cp2 (cp-undercroft) respawn: follow camera holds >= 3.5 m at rest (not jammed against a wall)   [dist 6.8 m, lens -7.36,-4.97,-3.75]
   ok   cp2 (cp-undercroft) respawn: no kill volume sweeps the station in 20 s of course time (hand-stepped)   [1200 steps, 96 ms wall, clock 21.7]
   ok   cp3 activates on contact   [183 ms]
   ok   cp3 respawn completes (<= 950 ms ceiling)   [428 ms (wall 712)]
   ok   cp3 death counted   [2 -> 3]
   ok   cp3 respawns AT the checkpoint   [player 0.0,0.0,16.4 vs cp 0.0,0.1,16.4]
   ok   cp3 (cp-courtyard) respawn: alive 1.5 s after arriving (no death counted)   [at 0.00,0.00,16.40]
   ok   cp3 (cp-courtyard) respawn: grounded within 0.6 m of the pad   [grounded 0.05 m from 0.0,0.1,16.4]
   ok   cp3 (cp-courtyard) respawn: follow camera clear of geometry (>= 0.3 m)   [lens -0.35,3.03,9.77 dist 6.8 follow]
   ok   cp3 (cp-courtyard) respawn: follow camera holds >= 3.5 m at rest (not jammed against a wall)   [dist 6.8 m, lens -0.35,3.03,9.77]
   ok   cp3 (cp-courtyard) respawn: no kill volume sweeps the station in 20 s of course time (hand-stepped)   [1200 steps, 94 ms wall, clock 21.7]
   ok   cp4 activates on contact   [798 ms]
   ok   cp4 respawn completes (<= 950 ms ceiling)   [12 ms (wall 66)]
   ok   cp4 death counted   [3 -> 4]
   ok   cp4 respawns AT the checkpoint   [player -19.7,12.6,33.0 vs cp -19.7,12.7,33.0]
   ok   cp4 (cp-tower) respawn: alive 1.5 s after arriving (no death counted)   [at -19.70,12.60,33.00]
   ok   cp4 (cp-tower) respawn: grounded within 0.6 m of the pad   [grounded 0.05 m from -19.7,12.7,33.0]
   ok   cp4 (cp-tower) respawn: follow camera clear of geometry (>= 0.3 m)   [lens -26.34,15.63,33.35 dist 6.8 follow]
   ok   cp4 (cp-tower) respawn: follow camera holds >= 3.5 m at rest (not jammed against a wall)   [dist 6.8 m, lens -26.34,15.63,33.35]
   ok   cp4 (cp-tower) respawn: no kill volume sweeps the station in 20 s of course time (hand-stepped)   [1200 steps, 99 ms wall, clock 21.6]
   ok   median respawn <= 700 ms   [428]
   ok   hazards are deterministic at the same clock   [2 hazards bit-identical at t=5.0 s]
   ok   resetFrom(cp) rewinds the course clock   [clock -> 0]
        respawn samples: [433, 492, 428, 12] ms   median 430.5   budget 700
        notes: {"respawnMedian": 428}

verdant-1  —  77/80 passed
   ok   the loaded course IS the requested one   [verdant-1]
   ok   state is live   [playing]
   ok   course has colliders   [321]
   ok   course has bounds
   ok   >= 3 checkpoints   [5]
   ok   7 crests   [7]
   ok   8 sigils   [8]
   ok   >= 100 coins   [121]
   ok   course has hazards   [11]
   ok   spawn is grounded   [0 ms]
   ok   spawn is not instantly lethal
   ok   cp1 activates on contact   [303 ms]
   FAIL cp1 respawn completes (<= 950 ms ceiling)   [2985 ms (wall 3019)]
   ok   cp1 death counted   [4 -> 5]
   ok   cp1 respawns AT the checkpoint   [player 0.0,4.4,9.0 vs cp 0.0,4.4,9.0]
   ok   cp1 (cp-brook) respawn: alive 1.5 s after arriving (no death counted)   [at 0.00,4.40,9.00]
   ok   cp1 (cp-brook) respawn: grounded within 0.6 m of the pad   [grounded 0.00 m from 0.0,4.4,9.0]
   ok   cp1 (cp-brook) respawn: follow camera clear of geometry (>= 0.3 m)   [lens 0.35,7.43,15.64 dist 6.8 follow]
   ok   cp1 (cp-brook) respawn: follow camera holds >= 3.5 m at rest (not jammed against a wall)   [dist 6.8 m, lens 0.35,7.43,15.64]
   ok   cp1 (cp-brook) respawn: no kill volume sweeps the station in 20 s of course time (hand-stepped)   [1200 steps, 370 ms wall, clock 21.6]
   ok   cp2 activates on contact   [282 ms]
   ok   cp2 respawn completes (<= 950 ms ceiling)   [776 ms (wall 1149)]
   ok   cp2 death counted   [5 -> 6]
   ok   cp2 respawns AT the checkpoint   [player 0.0,9.1,-14.0 vs cp 0.0,9.0,-14.0]
   ok   cp2 (cp-gate) respawn: alive 1.5 s after arriving (no death counted)   [at 0.00,9.08,-14.00]
   ok   cp2 (cp-gate) respawn: grounded within 0.6 m of the pad   [grounded 0.08 m from 0.0,9.0,-14.0]
   ok   cp2 (cp-gate) respawn: follow camera clear of geometry (>= 0.3 m)   [lens 0.35,12.11,-7.36 dist 6.8 follow]
   ok   cp2 (cp-gate) respawn: follow camera holds >= 3.5 m at rest (not jammed against a wall)   [dist 6.8 m, lens 0.35,12.11,-7.36]
   ok   cp2 (cp-gate) respawn: no kill volume sweeps the station in 20 s of course time (hand-stepped)   [1200 steps, 323 ms wall, clock 21.6]
   ok   cp3 activates on contact   [281 ms]
   ok   cp3 respawn completes (<= 950 ms ceiling)   [486 ms (wall 702)]
   ok   cp3 death counted   [6 -> 7]
   ok   cp3 respawns AT the checkpoint   [player 10.0,14.5,-25.8 vs cp 10.0,14.4,-26.0]
   ok   cp3 (cp-rampart) respawn: alive 1.5 s after arriving (no death counted)   [at 10.00,14.48,-25.82]
   ok   cp3 (cp-rampart) respawn: grounded within 0.6 m of the pad   [grounded 0.20 m from 10.0,14.4,-26.0]
   ok   cp3 (cp-rampart) respawn: follow camera clear of geometry (>= 0.3 m)   [lens 10.35,17.51,-19.18 dist 6.8 follow]
   ok   cp3 (cp-rampart) respawn: follow camera holds >= 3.5 m at rest (not jammed against a wall)   [dist 6.8 m, lens 10.35,17.51,-19.18]
   ok   cp3 (cp-rampart) respawn: no kill volume sweeps the station in 20 s of course time (hand-stepped)   [1200 steps, 298 ms wall, clock 21.6]
   ok   cp4 activates on contact   [72 ms]
   FAIL cp4 respawn completes (<= 950 ms ceiling)   [1483 ms (wall 1510)]
   ok   cp4 death counted   [7 -> 8]
   ok   cp4 respawns AT the checkpoint   [player 28.0,9.6,8.0 vs cp 28.0,9.6,8.0]
   ok   cp4 (cp-mill) respawn: alive 1.5 s after arriving (no death counted)   [at 28.00,9.60,8.00]
   ok   cp4 (cp-mill) respawn: grounded within 0.6 m of the pad   [grounded 0.00 m from 28.0,9.6,8.0]
   ok   cp4 (cp-mill) respawn: follow camera clear of geometry (>= 0.3 m)   [lens 23.02,12.63,12.4 dist 6.8 follow]
   ok   cp4 (cp-mill) respawn: follow camera holds >= 3.5 m at rest (not jammed against a wall)   [dist 6.8 m, lens 23.02,12.63,12.4]
   ok   cp4 (cp-mill) respawn: no kill volume sweeps the station in 20 s of course time (hand-stepped)   [1200 steps, 342 ms wall, clock 21.6]
   FAIL median respawn <= 700 ms   [776]
   ok   crest-open station: alive 1.5 s after arriving (no death counted)   [at 9.20,18.15,-32.80]
   ok   crest-open station: some approach frames it (camera clear and >= 2.4 m, the game's frameMin)   [8/8 yaws good; best yaw -3.14 dist 6.8 lens 8.88,21.18,-39.44; spawn-yaw 0.00 pose: clear dist 6.8]
   ok   crest-open station: no kill volume sweeps the station in 90 s of course time (hand-stepped)   [5400 steps, 1036 ms wall, clock 94.7]
   ok   crest-sigils station: alive 1.5 s after arriving (no death counted)   [at 0.00,10.05,-24.00]
   ok   crest-sigils station: some approach frames it (camera clear and >= 2.4 m, the game's frameMin)   [8/8 yaws good; best yaw -3.14 dist 6.8 lens -0.32,13.08,-30.64; spawn-yaw 0.00 pose: clear dist 6.8]
   ok   crest-sigils station: no kill volume sweeps the station in 90 s of course time (hand-stepped)   [5400 steps, 1024 ms wall, clock 94.8]
   ok   crest-coins station: alive 1.5 s after arriving (no death counted)   [at -5.00,3.05,41.00]
   ok   crest-coins station: some approach frames it (camera clear and >= 2.4 m, the game's frameMin)   [8/8 yaws good; best yaw -3.14 dist 6.8 lens -5.33,6.08,34.36; spawn-yaw 0.00 pose: clear dist 6.8]
   ok   crest-coins station: no kill volume sweeps the station in 90 s of course time (hand-stepped)   [5400 steps, 1293 ms wall, clock 94.9]
   ok   crest-secret station: alive 1.5 s after arriving (no death counted)   [at -12.00,9.17,-6.00]
   ok   crest-secret station: some approach frames it (camera clear and >= 2.4 m, the game's frameMin)   [8/8 yaws good; best yaw -3.14 dist 6.8 lens -12.32,12.2,-12.64; spawn-yaw 0.00 pose: clear dist 6.8]
   ok   crest-secret station: no kill volume sweeps the station in 90 s of course time (hand-stepped)   [5400 steps, 976 ms wall, clock 95.1]
   ok   crest-boss station: alive 1.5 s after arriving (no death counted)   [at -2.00,19.00,-54.00]
   ok   crest-boss station: some approach frames it (camera clear and >= 2.4 m, the game's frameMin)   [8/8 yaws good; best yaw -3.14 dist 6.8 lens -2.33,22.03,-60.64; spawn-yaw 0.00 pose: clear dist 6.8]
   ok   crest-boss station: no kill volume sweeps the station in 90 s of course time (hand-stepped)   [5400 steps, 1016 ms wall, clock 94.9]
   ok   crest-race station: alive 1.5 s after arriving (no death counted)   [at 38.60,15.20,-3.00]
   ok   crest-race station: some approach frames it (camera clear and >= 2.4 m, the game's frameMin)   [5/8 yaws good; best yaw -2.36 dist 6.8 lens 32.37,18.07,-2.99; spawn-yaw 0.00 pose: clear dist 6.8]
   ok   crest-race station: no kill volume sweeps the station in 90 s of course time (hand-stepped)   [5400 steps, 1232 ms wall, clock 95.0]
   ok   crest-wing station: alive 1.5 s after arriving (no death counted)   [at 4.20,9.08,-22.00]
   ok   crest-wing station: some approach frames it (camera clear and >= 2.4 m, the game's frameMin)   [8/8 yaws good; best yaw -3.14 dist 6.8 lens 3.87,12.11,-28.64; spawn-yaw 0.00 pose: clear dist 6.8]
   ok   crest-wing station: no kill volume sweeps the station in 90 s of course time (hand-stepped)   [5400 steps, 925 ms wall, clock 95.1]
   ok   a coin collects on contact   [18 ms]
   ok   a sigil collects on contact   [18 ms]
   ok   a crest collects on contact   [337 ms]
   ok   the crest celebration reaches the clear card   [clear after 0 ms]
   ok   the crest is written to the save record   [{"id":"verdant-1","crests":["open"],"coinsBest":4,"cleared":true,"deaths":4,"bestMs":{"open":41559},"clears":1,"playMs":0,"lastPlayed":1790824426041,"firstClear]
   ok   the save reached localStorage   [413 bytes]
   ok   the course is marked cleared   [True]
   ok   the clear card resolves back to play   [playing]
   ok   hazards are deterministic at the same clock   [11 hazards bit-identical at t=5.0 s]
   ok   resetFrom(cp) rewinds the course clock   [clock -> 0]
   ok   returnToKeep lands in THE KEEP   [0 ms]
        respawn samples: [2985, 776, 486, 1483] ms   median 1129.5   budget 700
        notes: {"respawnMedian": 776}

gates  —  6/6 passed
   ok   crest total reads as a number   [1]
   ok   the save reaches the gate requirement (1)   [1 -> 1]
   ok   Save.unlockedGates(keepDef) returns a list   [0,1]
   ok   gate 1 (verdant-2) reports UNLOCKED at 1 crests   [0,1]
   ok   re-enter THE KEEP after the save changes   [ok]
   ok   the live Keep gate for verdant-2 reports unlocked   [{"course":"verdant-2","unlocked":true,"requires":1}]
        notes: {"gate": {"id": "verdant-2", "need": 1}, "devGive": "open", "gateIndex": 1, "liveGates": [{"course": "verdant-1", "unlocked": true, "requires": 0}, {"course": "verdant-2", "unlocked": true, "requires": 1}, {"course": "verdant-3", "unlocked": false, "requires": 3}, {"course": "ember-1", "unlocked": false, "requires": 5}, {"course": "ember-2", "unlocked": false, "requires": 8}, {"course": "ember-3",

==================================================================================
VERDICT: LOOP BROKEN — 129/132 checks passed, 3 failed, 0 warnings (warnings do not fail the gate)
RESULT: FAIL
exit 1
