==================================================================================

verdant-1  —  76/83 passed
   ok   the loaded course IS the requested one   [verdant-1]
   ok   state is live   [playing]
   ok   course has colliders   [321]
   ok   course has bounds
   ok   >= 3 checkpoints   [5]
   ok   7 crests   [7]
   ok   8 sigils   [8]
   ok   >= 100 coins   [121]
   ok   course has hazards   [11]
   ok   spawn is grounded   [0 ms]
   ok   spawn is not instantly lethal
   ok   cp1 activates on contact   [84 ms]
   ok   cp1 respawn completes (<= 950 ms ceiling)   [676 ms (wall 2189)]
   ok   cp1 death counted   [0 -> 1]
   ok   cp1 respawns AT the checkpoint   [player 0.0,4.4,9.0 vs cp 0.0,4.4,9.0]
   FAIL cp1 (cp-brook) respawn: the game clock advanced 1.5 s   [engine.elapsed stalled for 20000 ms]
   ok   cp1 (cp-brook) respawn: alive 1.5 s after arriving (no death counted)   [at 0.00,4.40,9.00]
   ok   cp1 (cp-brook) respawn: grounded within 0.6 m of the pad   [grounded 0.00 m from 0.0,4.4,9.0]
   ok   cp1 (cp-brook) respawn: follow camera clear of geometry (>= 0.3 m)   [lens 0.35,7.43,15.64 dist 6.8 follow]
   ok   cp1 (cp-brook) respawn: follow camera holds >= 3.5 m at rest (not jammed against a wall)   [dist 6.8 m, lens 0.35,7.43,15.64]
   ok   cp1 (cp-brook) respawn: no kill volume sweeps the station in 20 s of course time (hand-stepped)   [1200 steps, 446 ms wall, clock 21.1]
   ok   cp2 activates on contact   [383 ms]
   FAIL cp2 respawn completes (<= 950 ms ceiling)   [1209 ms (wall 1542)]
   ok   cp2 death counted   [1 -> 2]
   ok   cp2 respawns AT the checkpoint   [player 0.0,9.1,-14.0 vs cp 0.0,9.0,-14.0]
   ok   cp2 (cp-gate) respawn: alive 1.5 s after arriving (no death counted)   [at 0.00,9.08,-14.00]
   ok   cp2 (cp-gate) respawn: grounded within 0.6 m of the pad   [grounded 0.08 m from 0.0,9.0,-14.0]
   ok   cp2 (cp-gate) respawn: follow camera clear of geometry (>= 0.3 m)   [lens 0.35,12.11,-7.36 dist 6.8 follow]
   ok   cp2 (cp-gate) respawn: follow camera holds >= 3.5 m at rest (not jammed against a wall)   [dist 6.8 m, lens 0.35,12.11,-7.36]
   ok   cp2 (cp-gate) respawn: no kill volume sweeps the station in 20 s of course time (hand-stepped)   [1200 steps, 374 ms wall, clock 21.7]
   ok   cp3 activates on contact   [110 ms]
   FAIL cp3 respawn completes (<= 950 ms ceiling)   [1298 ms (wall 1819)]
   ok   cp3 death counted   [2 -> 3]
   ok   cp3 respawns AT the checkpoint   [player 10.0,14.5,-25.8 vs cp 10.0,14.4,-26.0]
   FAIL cp3 (cp-rampart) respawn: the game clock advanced 1.5 s   [engine.elapsed stalled for 20000 ms]
   ok   cp3 (cp-rampart) respawn: alive 1.5 s after arriving (no death counted)   [at 10.00,14.48,-25.82]
   ok   cp3 (cp-rampart) respawn: grounded within 0.6 m of the pad   [grounded 0.20 m from 10.0,14.4,-26.0]
   ok   cp3 (cp-rampart) respawn: follow camera clear of geometry (>= 0.3 m)   [lens 10.35,17.51,-19.18 dist 6.8 follow]
   ok   cp3 (cp-rampart) respawn: follow camera holds >= 3.5 m at rest (not jammed against a wall)   [dist 6.8 m, lens 10.35,17.51,-19.18]
   ok   cp3 (cp-rampart) respawn: no kill volume sweeps the station in 20 s of course time (hand-stepped)   [1200 steps, 382 ms wall, clock 21.0]
   ok   cp4 activates on contact   [548 ms]
   FAIL cp4 respawn completes (<= 950 ms ceiling)   [1115 ms (wall 2449)]
   ok   cp4 death counted   [3 -> 4]
   ok   cp4 respawns AT the checkpoint   [player 28.0,9.6,8.0 vs cp 28.0,9.6,8.0]
   ok   cp4 (cp-mill) respawn: alive 1.5 s after arriving (no death counted)   [at 28.00,9.60,8.00]
   ok   cp4 (cp-mill) respawn: grounded within 0.6 m of the pad   [grounded 0.00 m from 28.0,9.6,8.0]
   ok   cp4 (cp-mill) respawn: follow camera clear of geometry (>= 0.3 m)   [lens 23.02,12.63,12.4 dist 6.8 follow]
   ok   cp4 (cp-mill) respawn: follow camera holds >= 3.5 m at rest (not jammed against a wall)   [dist 6.8 m, lens 23.02,12.63,12.4]
   ok   cp4 (cp-mill) respawn: no kill volume sweeps the station in 20 s of course time (hand-stepped)   [1200 steps, 357 ms wall, clock 21.6]
   FAIL median respawn <= 700 ms   [1115]
   ok   crest-open station: alive 1.5 s after arriving (no death counted)   [at 9.20,18.15,-32.80]
   ok   crest-open station: some approach frames it (camera clear and >= 2.4 m, the game's frameMin)   [8/8 yaws good; best yaw -3.14 dist 6.8 lens 8.88,21.18,-39.44; spawn-yaw 0.00 pose: clear dist 6.8]
   ok   crest-open station: no kill volume sweeps the station in 90 s of course time (hand-stepped)   [5400 steps, 1059 ms wall, clock 94.8]
   ok   crest-sigils station: alive 1.5 s after arriving (no death counted)   [at 0.00,10.05,-24.00]
   ok   crest-sigils station: some approach frames it (camera clear and >= 2.4 m, the game's frameMin)   [8/8 yaws good; best yaw -3.14 dist 6.8 lens -0.32,13.08,-30.64; spawn-yaw 0.00 pose: clear dist 6.8]
   ok   crest-sigils station: no kill volume sweeps the station in 90 s of course time (hand-stepped)   [5400 steps, 1037 ms wall, clock 94.7]
   ok   crest-coins station: alive 1.5 s after arriving (no death counted)   [at -5.00,3.05,41.00]
   ok   crest-coins station: some approach frames it (camera clear and >= 2.4 m, the game's frameMin)   [8/8 yaws good; best yaw -3.14 dist 6.8 lens -5.32,6.08,34.36; spawn-yaw 0.00 pose: clear dist 6.8]
   ok   crest-coins station: no kill volume sweeps the station in 90 s of course time (hand-stepped)   [5400 steps, 884 ms wall, clock 94.8]
   ok   crest-secret station: alive 1.5 s after arriving (no death counted)   [at -12.00,9.17,-6.00]
   ok   crest-secret station: some approach frames it (camera clear and >= 2.4 m, the game's frameMin)   [8/8 yaws good; best yaw -3.14 dist 6.8 lens -12.32,12.2,-12.64; spawn-yaw 0.00 pose: clear dist 6.8]
   ok   crest-secret station: no kill volume sweeps the station in 90 s of course time (hand-stepped)   [5400 steps, 1093 ms wall, clock 94.8]
   ok   crest-boss station: alive 1.5 s after arriving (no death counted)   [at -2.00,19.00,-54.00]
   ok   crest-boss station: some approach frames it (camera clear and >= 2.4 m, the game's frameMin)   [8/8 yaws good; best yaw -3.14 dist 6.8 lens -2.32,22.03,-60.64; spawn-yaw 0.00 pose: clear dist 6.8]
   ok   crest-boss station: no kill volume sweeps the station in 90 s of course time (hand-stepped)   [5400 steps, 1125 ms wall, clock 94.7]
   FAIL crest-race station: the game clock advanced 1.5 s   [engine.elapsed stalled for 20000 ms]
   ok   crest-race station: alive 1.5 s after arriving (no death counted)   [at 38.00,15.04,-3.00]
   ok   crest-race station: some approach frames it (camera clear and >= 2.4 m, the game's frameMin)   [4/8 yaws good; best yaw -1.57 dist 6.8 lens 32.7,17.99,-2.65; spawn-yaw 0.00 pose: clear dist 6.8]
   ok   crest-race station: no kill volume sweeps the station in 90 s of course time (hand-stepped)   [5400 steps, 1063 ms wall, clock 94.7]
   ok   crest-wing station: alive 1.5 s after arriving (no death counted)   [at 4.20,9.08,-22.00]
   ok   crest-wing station: some approach frames it (camera clear and >= 2.4 m, the game's frameMin)   [8/8 yaws good; best yaw -3.14 dist 6.8 lens 3.87,12.11,-28.64; spawn-yaw 0.00 pose: clear dist 6.8]
   ok   crest-wing station: no kill volume sweeps the station in 90 s of course time (hand-stepped)   [5400 steps, 1052 ms wall, clock 95.1]
   ok   a coin collects on contact   [15 ms]
   ok   a sigil collects on contact   [16 ms]
   ok   a crest collects on contact   [711 ms]
   ok   the crest celebration reaches the clear card   [clear after 0 ms]
   ok   the crest is written to the save record   [{"id":"verdant-1","crests":["open"],"coinsBest":4,"cleared":true,"deaths":4,"bestMs":{"open":39820},"clears":1,"playMs":0,"lastPlayed":1790826604305,"firstClear]
   ok   the save reached localStorage   [413 bytes]
   ok   the course is marked cleared   [True]
   ok   the clear card resolves back to play   [playing]
   ok   hazards are deterministic at the same clock   [11 hazards bit-identical at t=5.0 s]
   ok   resetFrom(cp) rewinds the course clock   [clock -> 0]
   ok   returnToKeep lands in THE KEEP   [0 ms]
        respawn samples: [676, 1209, 1298, 1115] ms   median 1162.0   budget 700
        notes: {"respawnMedian": 1115}

==================================================================================
VERDICT: LOOP BROKEN — 76/83 checks passed, 7 failed, 0 warnings (warnings do not fail the gate)
RESULT: FAIL
exit 1
