  rig-ok 01_cold_rime_imp bones=46 clips=9/9 missing=[]
  rig-ok 02_cold_glacier_brute bones=52 clips=9/9 missing=[]
  rig-ok 03_cold_frost_stalker bones=28 clips=8/8 missing=[]
  rig-ok 31_v2_cold_rime_imp bones=52 clips=9/9 missing=[]
  rig-ok 32_v2_cold_glacier_brute bones=28 clips=9/9 missing=[]
  rig-ok 34_v2_cold_ice_cultist bones=34 clips=8/8 missing=[]
  rig-ok 39_v2_cold_blizzard_assassin bones=34 clips=9/9 missing=[]
  rig-ok 61_v3_cold_frost_golem bones=34 clips=8/8 missing=[]
  rig-ok 65_v3_cold_rime_skier_raider bones=34 clips=8/8 missing=[]
  rig-ok 68_v3_cold_hail_plate_guard bones=46 clips=8/8 missing=[]
PASS cold:rimeImp [01_cold_rime_imp] chase(d 13->0.8 loc 1 spd 1 sub 0) atk(flash 0.99 lunge 1 bolt False hp 47.47279500961304->36.594120025634766) dmg(9.2->3.2) death(dis 0.99 w 1 t0 0.07 freed True)
PASS cold:glacierBrute [02_cold_glacier_brute] chase(d 13->0.8 loc 1 spd 1 sub 0) atk(flash 0.95 lunge 1 bolt False hp 26.80331254005432->14.836770057678223) dmg(219.5->213.5) death(dis 0.97 w 1 t0 0.06 freed True)
PASS cold:frostStalker [03_cold_frost_stalker] chase(d 13->0.6 loc 1 spd 1 sub 1) atk(flash 0 lunge 0 bolt False hp 18.02169756889343->18.02169756889343) dmg(20.2->14.2) death(dis 0.97 w 1 t0 0.14 freed True)
PASS cold:rimeImp [01_cold_rime_imp] chase(d 13->0.8 loc 1 spd 1 sub 0) atk(flash 0.98 lunge 1 bolt False hp 9.318757581710813->0.6158175945281954) dmg(9.2->3.2) death(dis 0.96 w 1 t0 0.07 freed True)
PASS cold:glacierBrute [02_cold_glacier_brute] chase(d 13->0.8 loc 1 spd 1 sub 0) atk(flash 0.97 lunge 1 bolt False hp 54->42.0334575176239) dmg(219.5->213.5) death(dis 0.95 w 1 t0 0 freed True)
PASS cold:rimeboundCultist [34_v2_cold_ice_cultist] chase(d 13->13 loc 1 spd 1 sub 0) atk(flash 1 lunge 1 bolt True hp 48.48198752403259->39.77904753684997) dmg(22.3->16.3) death(dis 0.92 w 1 t0 0 freed True)
PASS cold:blizzardAssassin [39_v2_cold_blizzard_assassin] chase(d 13->10.2 loc 1 spd 1 sub 0) atk(flash 1 lunge 1 bolt False hp 39.77904753684997->22.37316756248474) dmg(19.4->13.4) death(dis 0.92 w 1 t0 0.17 freed True)
PASS cold:packIceGolem [61_v3_cold_frost_golem] chase(d 13->2.8 loc 1 spd 1 sub 0) atk(flash 0.89 lunge 1 bolt False hp 22.37316756248474->11.494492578506467) dmg(126.2->120.2) death(dis 0.92 w 1 t0 0 freed True)
PASS cold:rimeSkierRaider [65_v3_cold_rime_skier_raider] chase(d 13->0.8 loc 1 spd 1 sub 0) atk(flash 0.91 lunge 1 bolt False hp 50.38492751121521->42.76985502243042) dmg(28.7->22.7) death(dis 0.92 w 1 t0 0.17 freed True)
PASS cold:hailPlateGuard [68_v3_cold_hail_plate_guard] chase(d 13->4.3 loc 1 spd 1 sub 0) atk(flash 0.88 lunge 1 bolt False hp 42.76985502243042->32.979047536849976) dmg(126.2->120.2) death(dis 0.92 w 1 t0 0 freed True)
PASS cold:hoarfrostSprite [34_v2_cold_ice_cultist] chase(d 13->13 loc 1 spd 1 sub 0) atk(flash 1 lunge 1 bolt True hp 41.85937867164611->39.139709806442255) dmg(10.9->4.9) death(dis 0.95 w 1 t0 0 freed True)
PASS cold:moraineColossus [32_v2_cold_glacier_brute] chase(d 13->0.8 loc 1 spd 1 sub 0) atk(flash 0.92 lunge 1 bolt False hp 24.4534984588623->10.311220979690546) dmg(270.4->264.4) death(dis 0.92 w 1 t0 0 freed True)
PASS cold:glassRevenant [39_v2_cold_blizzard_assassin] chase(d 13->8.36 loc 1 spd 1 sub 0) atk(flash 1 lunge 1 bolt False hp 10.311220979690546->1.6082809925079289) dmg(18.1->12.1) death(dis 0.92 w 1 t0 0.08 freed True)
PASS cold:scourScout [65_v3_cold_rime_skier_raider] chase(d 13->4.34 loc 1 spd 1 sub 0) atk(flash 0.91 lunge 1 bolt False hp 58->49.29706001281738) dmg(39.3->33.3) death(dis 0.92 w 1 t0 0 freed True)
  rig-ok 01_cold_rime_imp bones=46 clips=9/9 missing=[]
  rig-ok 02_cold_glacier_brute bones=52 clips=9/9 missing=[]
  rig-ok 03_cold_frost_stalker bones=28 clips=8/8 missing=[]
  rig-ok 31_v2_cold_rime_imp bones=52 clips=9/9 missing=[]
  rig-ok 32_v2_cold_glacier_brute bones=28 clips=9/9 missing=[]
  rig-ok 34_v2_cold_ice_cultist bones=34 clips=8/8 missing=[]
  rig-ok 39_v2_cold_blizzard_assassin bones=34 clips=9/9 missing=[]
  rig-ok 61_v3_cold_frost_golem bones=34 clips=8/8 missing=[]
  rig-ok 65_v3_cold_rime_skier_raider bones=34 clips=8/8 missing=[]
  rig-ok 68_v3_cold_hail_plate_guard bones=46 clips=8/8 missing=[]
  rig-ok 11_sand_dune_imp bones=52 clips=9/9 missing=[]
  rig-ok 12_sand_dune_brute bones=34 clips=9/9 missing=[]
  rig-ok 13_sand_dust_stalker bones=34 clips=8/8 missing=[]
  rig-ok 16_sand_dust_mage bones=34 clips=8/8 missing=[]
  rig-ok 43_v2_sand_dust_stalker bones=28 clips=8/8 missing=[]
  rig-ok 48_v2_sand_dune_sentinel bones=34 clips=9/9 missing=[]
  rig-ok 50_v2_sand_dune_warden bones=28 clips=7/8 missing=[]
  rig-ok 73_v3_sand_mummy bones=34 clips=9/9 missing=[]
  rig-ok 75_v3_sand_bleached_bone_knight bones=34 clips=8/8 missing=[]
  rig-ok 77_v3_sand_windscour_bandit bones=52 clips=8/8 missing=[]
PASS sand:duneImp [11_sand_dune_imp] chase(d 13->0.8 loc 1 spd 1 sub 0) atk(flash 1 lunge 1 bolt False hp 42.86891798973083->29.76733725070953) dmg(23.8->17.8) death(dis 0.92 w 1 t0 0 freed True)
PASS sand:duneBrute [12_sand_dune_brute] chase(d 13->0.8 loc 1 spd 1 sub 0) atk(flash 0.92 lunge 1 bolt False hp 8.804808068275449->58) dmg(561->555) death(dis 0.92 w 1 t0 0 freed True)
PASS sand:dustStalker [13_sand_dust_stalker] chase(d 13->0 loc 1 spd 1 sub 1) atk(flash 0 lunge 0 bolt False hp 42.27810311317444->42.27810311317444) dmg(44.5->38.5) death(dis 0.92 w 1 t0 0.17 freed True)
PASS sand:dustMage [16_sand_dust_mage] chase(d 13->13 loc 1 spd 0.8 sub 0) atk(flash 1 lunge 1 bolt True hp 34.41715455055237->18.695257425308228) dmg(48.6->42.6) death(dis 0.92 w 1 t0 0 freed True)
PASS sand:dustStalker [13_sand_dust_stalker] chase(d 13->0 loc 1 spd 1 sub 1) atk(flash 0 lunge 0 bolt False hp 2.973360538482666->2.973360538482666) dmg(44.5->38.5) death(dis 0.92 w 1 t0 0.01 freed True)
PASS sand:duneSentinel [48_v2_sand_dune_sentinel] chase(d 13->13 loc 0 spd 0 sub 0) atk(flash 0.89 lunge 1 bolt False hp 2.973360538482666->58) dmg(313->307) death(dis 0.92 w 1 t0 0 freed True)
PASS sand:duneWarden [50_v2_sand_dune_warden] chase(d 13->2.78 loc 1 spd 1 sub 0) atk(flash 0.86 lunge 1 bolt False hp 26.55620574951172->5.593676567077637) dmg(1982.5->1976.5) death(dis 0.92 w 1 t0 0 freed True)
PASS sand:sandMummy [73_v3_sand_mummy] chase(d 13->13 loc 0 spd 0 sub 1) atk(flash 1 lunge 1 bolt True hp 62->62) dmg(89.9->83.9) death(dis 0.92 w 1 t0 0 freed True)
PASS sand:boneKnight [75_v3_sand_bleached_bone_knight] chase(d 13->3.48 loc 1 spd 1 sub 0) atk(flash 0.88 lunge 1 bolt False hp 46.27810287475586->25.315573692321777) dmg(263.5->257.5) death(dis 0.92 w 1 t0 0 freed True)
PASS sand:windscourBandit [77_v3_sand_windscour_bandit] chase(d 13->1.75 loc 1 spd 1 sub 0) atk(flash 1 lunge 1 bolt False hp 17.277107739448546->62) dmg(73.4->67.4) death(dis 0.92 w 1 t0 0 freed True)
PASS sand:hourglassAutomaton [75_v3_sand_bleached_bone_knight] chase(d 13->2.92 loc 1 spd 1 sub 0) atk(flash 0.88 lunge 1 bolt False hp 44.53122568130493->27.062451362609863) dmg(346.1->340.1) death(dis 0.92 w 1 t0 0.08 freed True)
PASS sand:scorpionHusk [73_v3_sand_mummy] chase(d 13->2.12 loc 1 spd 1 sub 1) atk(flash 1 lunge 1 bolt False hp 28.981186771392828->18.499922180175787) dmg(40.3->34.3) death(dis 0.92 w 1 t0 0 freed True)
  rig-ok 01_cold_rime_imp bones=46 clips=9/9 missing=[]
  rig-ok 02_cold_glacier_brute bones=52 clips=9/9 missing=[]
  rig-ok 03_cold_frost_stalker bones=28 clips=8/8 missing=[]
  rig-ok 31_v2_cold_rime_imp bones=52 clips=9/9 missing=[]
  rig-ok 32_v2_cold_glacier_brute bones=28 clips=9/9 missing=[]
  rig-ok 34_v2_cold_ice_cultist bones=34 clips=8/8 missing=[]
  rig-ok 39_v2_cold_blizzard_assassin bones=34 clips=9/9 missing=[]
  rig-ok 61_v3_cold_frost_golem bones=34 clips=8/8 missing=[]
  rig-ok 65_v3_cold_rime_skier_raider bones=34 clips=8/8 missing=[]
  rig-ok 68_v3_cold_hail_plate_guard bones=46 clips=8/8 missing=[]
  rig-ok 11_sand_dune_imp bones=52 clips=9/9 missing=[]
  rig-ok 12_sand_dune_brute bones=34 clips=9/9 missing=[]
  rig-ok 13_sand_dust_stalker bones=34 clips=8/8 missing=[]
  rig-ok 16_sand_dust_mage bones=34 clips=8/8 missing=[]
  rig-ok 43_v2_sand_dust_stalker bones=28 clips=8/8 missing=[]